// Jest Snapshot v1, https://goo.gl/fbAQLP

exports[`Loader should render correctly with no props 1`] = `
<div
  className="spinner-grow text-secondary"
  role="status"
  style={
    Object {
      "height": "5rem",
      "width": "5rem",
    }
  }
>
  <span
    className="sr-only"
  >
    Loading...
  </span>
</div>
`;
