// Jest Snapshot v1, https://goo.gl/fbAQLP

exports[`InputField should render correctly with no props 1`] = `
<input
  className="form-control border-square"
  onChange={[Function]}
  placeholder="Search for user"
  type="text"
/>
`;

exports[`InputField should render correctly with props 1`] = `
<input
  className="form-control border-square"
  onChange={[Function]}
  placeholder="Search for user"
  type="text"
/>
`;
